
> next-app@0.1.0 build
> next build

node.exe : ÔÜá Warning: Next.js inferred your workspace root, but it may not be correct.
Au caractère C:\Program Files\nodejs\npm.ps1:29 : 3
+   & $NODE_EXE $NPM_CLI_JS $args
+   ~~~~~~~~~~~~~~~~~~~~~~~~~~~~~
    + CategoryInfo          : NotSpecified: (ÔÜá Warning: Ne...not be correct.:String) [], RemoteException
    + FullyQualifiedErrorId : NativeCommandError
 
 We detected multiple lockfiles and selected the directory of C:\Users\SCD-UM\package-lock.json as the root directory.
 To silence this warning, set `turbopack.root` in your Next.js config, or consider removing one of the lockfiles if 
it's not needed.
   See https://nextjs.org/docs/app/api-reference/config/next-config-js/turbopack#root-directory for more information.
 Detected additional lockfiles: 
   * C:\Users\SCD-UM\next-app\package-lock.json

Ôû▓ Next.js 16.2.6 (Turbopack)
- Environments: .env.local

ÔÜá The "middleware" file convention is deprecated. Please use "proxy" instead. Learn more: 
https://nextjs.org/docs/messages/middleware-to-proxy
  Creating an optimized production build ...
Ô£ô Compiled successfully in 6.5s
  Running TypeScript ...
  Finished TypeScript in 3.7s ...
  Collecting page data using 13 workers ...
  Generating static pages using 13 workers (0/32) ...
  Generating static pages using 13 workers (8/32) 
  Generating static pages using 13 workers (16/32) 
  Generating static pages using 13 workers (24/32) 
Ô£ô Generating static pages using 13 workers (32/32) in 982ms
  Finalizing page optimization ...

Route (app)
Ôöî Ôùï /
Ôö£ Ôùï /_not-found
Ôö£ Ôùï /commencer
Ôö£ Ôùï /connexion
Ôö£ Ôùï /dashboard/acheteur
Ôö£ Ôùï /dashboard/acheteur/notifications
Ôö£ Ôùï /dashboard/acheteur/profil
Ôö£ Ôùï /dashboard/admin
Ôö£ Ôùï /dashboard/admin/kyc
Ôö£ Ôùï /dashboard/admin/utilisateurs
Ôö£ Ôùï /dashboard/admin/vehicules
Ôö£ Ôùï /dashboard/vendeur
Ôö£ Ôùï /dashboard/vendeur/profil
Ôö£ Ôùï /dashboard/vendeur/vehicules/nouveau
Ôö£ Ôùï /encheres
Ôö£ ãÆ /encheres/[slug]
Ôö£ Ôùï /inscription
Ôö£ Ôùï /inscription/acheteur
Ôö£ Ôùï /inscription/nouveau
Ôö£ Ôùï /inscription/vendeur
Ôöö Ôùï /paiement/empreinte


ãÆ Proxy (Middleware)

Ôùï  (Static)   prerendered as static content
ãÆ  (Dynamic)  server-rendered on demand

